
> tranquilitycea@0.0.0 build
> run-p type-check "build-only {@}" --


> tranquilitycea@0.0.0 build-only
> vite build


> tranquilitycea@0.0.0 type-check
> vue-tsc --build

vite v8.0.8 building client environment for production...
[2Ktransforming...✓ 64 modules transformed.
rendering chunks...
computing gzip size...
dist/index.html                                      0.62 kB │ gzip:  0.35 kB
dist/assets/CanastaLogo-BWAITCXk.png               404.02 kB
dist/assets/index-D5TsQHbF.css                       4.43 kB │ gzip:  1.56 kB
dist/assets/GuildWars2View-BEfkHey_.css              9.13 kB │ gzip:  1.97 kB
dist/assets/CanastaView-BBUov1Kf.css                16.93 kB │ gzip:  3.57 kB
dist/assets/pinia-CwYVvgSo.js                        5.99 kB │ gzip:  2.82 kB
dist/assets/index-DGOl6nmy.js                       29.63 kB │ gzip: 11.51 kB
dist/assets/CanastaView-CCwX2sF1.js                 45.03 kB │ gzip: 14.08 kB
dist/assets/GuildWars2View-8ooleTdl.js              56.39 kB │ gzip: 13.95 kB
dist/assets/_plugin-vue_export-helper-BrpsM_5Y.js   64.25 kB │ gzip: 25.27 kB

✓ built in 217ms
